23:35:08 **** Incremental Build of configuration Debug for project 3_system_drivers-timebase ****
make -j20 all 
arm-none-eabi-gcc "../Src/main.c" -mcpu=cortex-m4 -std=gnu11 -g3 -DDEBUG -DSTM32L4 -DSTM32 -DNUCLEO_L476RG -DSTM32L476RGTx -DSTM32L476xx -c -I../Inc -I"C:/Cursos/STM32_Bare_Metal_Projects/3_system_drivers-timebase/chip_headers/CMSIS/Include" -I"C:/Cursos/STM32_Bare_Metal_Projects/3_system_drivers-timebase/chip_headers/CMSIS/Device/ST/STM32L4xx/Include" -O0 -ffunction-sections -fdata-sections -Wall -fstack-usage -fcyclomatic-complexity -MMD -MP -MF"Src/main.d" -MT"Src/main.o" --specs=nano.specs -mfpu=fpv4-sp-d16 -mfloat-abi=hard -mthumb -o "Src/main.o"
arm-none-eabi-gcc -o "3_system_drivers-timebase.elf" @"objects.list"   -mcpu=cortex-m4 -T"C:\Cursos\STM32_Bare_Metal_Projects\3_system_drivers-timebase\STM32L476RGTX_FLASH.ld" --specs=nosys.specs -Wl,-Map="3_system_drivers-timebase.map" -Wl,--gc-sections -static --specs=nano.specs -mfpu=fpv4-sp-d16 -mfloat-abi=hard -mthumb -Wl,--start-group -lc -lm -Wl,--end-group
Finished building target: 3_system_drivers-timebase.elf
 
arm-none-eabi-size  3_system_drivers-timebase.elf 
arm-none-eabi-objdump -h -S 3_system_drivers-timebase.elf  > "3_system_drivers-timebase.list"
   text	   data	    bss	    dec	    hex	filename
   3944	     92	   1908	   5944	   1738	3_system_drivers-timebase.elf
Finished building: default.size.stdout
 
Finished building: 3_system_drivers-timebase.list
 

23:35:09 Build Finished. 0 errors, 0 warnings. (took 770ms)

