15:32:18 **** Incremental Build of configuration Debug for project 4_system_drivers-GPIO ****
make -j20 all 
arm-none-eabi-gcc "../Src/main.c" -mcpu=cortex-m4 -std=gnu11 -g3 -DDEBUG -DSTM32L4 -DSTM32 -DNUCLEO_L476RG -DSTM32L476RGTx -DSTM32L476xx -c -I../Inc -I"C:/Cursos/STM32_Bare_Metal_Projects/4_system_drivers-GPIO/chip_headers/CMSIS/Include" -I"C:/Cursos/STM32_Bare_Metal_Projects/4_system_drivers-GPIO/chip_headers/CMSIS/Device/ST/STM32L4xx/Include" -O0 -ffunction-sections -fdata-sections -Wall -fstack-usage -fcyclomatic-complexity -MMD -MP -MF"Src/main.d" -MT"Src/main.o" --specs=nano.specs -mfpu=fpv4-sp-d16 -mfloat-abi=hard -mthumb -o "Src/main.o"
arm-none-eabi-gcc -o "4_system_drivers-GPIO.elf" @"objects.list"   -mcpu=cortex-m4 -T"C:\Cursos\STM32_Bare_Metal_Projects\4_system_drivers-GPIO\STM32L476RGTX_FLASH.ld" --specs=nosys.specs -Wl,-Map="4_system_drivers-GPIO.map" -Wl,--gc-sections -static --specs=nano.specs -mfpu=fpv4-sp-d16 -mfloat-abi=hard -mthumb -Wl,--start-group -lc -lm -Wl,--end-group
Finished building target: 4_system_drivers-GPIO.elf
 
arm-none-eabi-size  4_system_drivers-GPIO.elf 
arm-none-eabi-objdump -h -S 4_system_drivers-GPIO.elf  > "4_system_drivers-GPIO.list"
   text	   data	    bss	    dec	    hex	filename
   1436	      0	   1576	   3012	    bc4	4_system_drivers-GPIO.elf
Finished building: default.size.stdout
 
Finished building: 4_system_drivers-GPIO.list
 

15:32:19 Build Finished. 0 errors, 0 warnings. (took 834ms)

