19:55:19 **** Incremental Build of configuration Debug for project 5_system_drivers-ADC ****
make -j20 all 
arm-none-eabi-gcc "../Src/main.c" -mcpu=cortex-m4 -std=gnu11 -g3 -DDEBUG -DSTM32L4 -DSTM32 -DNUCLEO_L476RG -DSTM32L476RGTx -DSTM32L476xx -c -I../Inc -I"C:/Cursos/STM32_Bare_Metal_Projects/5_system_drivers-ADC/chip_headers/CMSIS/Include" -I"C:/Cursos/STM32_Bare_Metal_Projects/5_system_drivers-ADC/chip_headers/CMSIS/Device/ST/STM32L4xx/Include" -O0 -ffunction-sections -fdata-sections -Wall -fstack-usage -fcyclomatic-complexity -MMD -MP -MF"Src/main.d" -MT"Src/main.o" --specs=nano.specs -mfpu=fpv4-sp-d16 -mfloat-abi=hard -mthumb -o "Src/main.o"
arm-none-eabi-gcc -o "5_system_drivers-ADC.elf" @"objects.list"   -mcpu=cortex-m4 -T"C:\Cursos\STM32_Bare_Metal_Projects\5_system_drivers-ADC\STM32L476RGTX_FLASH.ld" --specs=nosys.specs -Wl,-Map="5_system_drivers-ADC.map" -Wl,--gc-sections -static --specs=nano.specs -mfpu=fpv4-sp-d16 -mfloat-abi=hard -mthumb -Wl,--start-group -lc -lm -Wl,--end-group
Finished building target: 5_system_drivers-ADC.elf
 
arm-none-eabi-size  5_system_drivers-ADC.elf 
arm-none-eabi-objdump -h -S 5_system_drivers-ADC.elf  > "5_system_drivers-ADC.list"
   text	   data	    bss	    dec	    hex	filename
   5900	     92	   1916	   7908	   1ee4	5_system_drivers-ADC.elf
Finished building: default.size.stdout
 
Finished building: 5_system_drivers-ADC.list
 

19:55:20 Build Finished. 0 errors, 0 warnings. (took 708ms)

