20:01:23 **** Build of configuration Debug for project 6_system_drivers-ADC-single-conversion ****
make -j20 all 
arm-none-eabi-gcc -mcpu=cortex-m4 -g3 -DDEBUG -c -x assembler-with-cpp -MMD -MP -MF"Startup/startup_stm32l476rgtx.d" -MT"Startup/startup_stm32l476rgtx.o" --specs=nano.specs -mfpu=fpv4-sp-d16 -mfloat-abi=hard -mthumb -o "Startup/startup_stm32l476rgtx.o" "../Startup/startup_stm32l476rgtx.s"
arm-none-eabi-gcc "../Src/adc.c" -mcpu=cortex-m4 -std=gnu11 -g3 -DDEBUG -DSTM32L4 -DSTM32 -DNUCLEO_L476RG -DSTM32L476RGTx -DSTM32L476xx -c -I../Inc -I"C:/Cursos/STM32_Bare_Metal_Projects/6_system_drivers-ADC-single-conversion/chip_headers/CMSIS/Include" -I"C:/Cursos/STM32_Bare_Metal_Projects/6_system_drivers-ADC-single-conversion/chip_headers/CMSIS/Device/ST/STM32L4xx/Include" -O0 -ffunction-sections -fdata-sections -Wall -fstack-usage -fcyclomatic-complexity -MMD -MP -MF"Src/adc.d" -MT"Src/adc.o" --specs=nano.specs -mfpu=fpv4-sp-d16 -mfloat-abi=hard -mthumb -o "Src/adc.o"
arm-none-eabi-gcc "../Src/bsp.c" -mcpu=cortex-m4 -std=gnu11 -g3 -DDEBUG -DSTM32L4 -DSTM32 -DNUCLEO_L476RG -DSTM32L476RGTx -DSTM32L476xx -c -I../Inc -I"C:/Cursos/STM32_Bare_Metal_Projects/6_system_drivers-ADC-single-conversion/chip_headers/CMSIS/Include" -I"C:/Cursos/STM32_Bare_Metal_Projects/6_system_drivers-ADC-single-conversion/chip_headers/CMSIS/Device/ST/STM32L4xx/Include" -O0 -ffunction-sections -fdata-sections -Wall -fstack-usage -fcyclomatic-complexity -MMD -MP -MF"Src/bsp.d" -MT"Src/bsp.o" --specs=nano.specs -mfpu=fpv4-sp-d16 -mfloat-abi=hard -mthumb -o "Src/bsp.o"
arm-none-eabi-gcc "../Src/fpu.c" -mcpu=cortex-m4 -std=gnu11 -g3 -DDEBUG -DSTM32L4 -DSTM32 -DNUCLEO_L476RG -DSTM32L476RGTx -DSTM32L476xx -c -I../Inc -I"C:/Cursos/STM32_Bare_Metal_Projects/6_system_drivers-ADC-single-conversion/chip_headers/CMSIS/Include" -I"C:/Cursos/STM32_Bare_Metal_Projects/6_system_drivers-ADC-single-conversion/chip_headers/CMSIS/Device/ST/STM32L4xx/Include" -O0 -ffunction-sections -fdata-sections -Wall -fstack-usage -fcyclomatic-complexity -MMD -MP -MF"Src/fpu.d" -MT"Src/fpu.o" --specs=nano.specs -mfpu=fpv4-sp-d16 -mfloat-abi=hard -mthumb -o "Src/fpu.o"
arm-none-eabi-gcc "../Src/main.c" -mcpu=cortex-m4 -std=gnu11 -g3 -DDEBUG -DSTM32L4 -DSTM32 -DNUCLEO_L476RG -DSTM32L476RGTx -DSTM32L476xx -c -I../Inc -I"C:/Cursos/STM32_Bare_Metal_Projects/6_system_drivers-ADC-single-conversion/chip_headers/CMSIS/Include" -I"C:/Cursos/STM32_Bare_Metal_Projects/6_system_drivers-ADC-single-conversion/chip_headers/CMSIS/Device/ST/STM32L4xx/Include" -O0 -ffunction-sections -fdata-sections -Wall -fstack-usage -fcyclomatic-complexity -MMD -MP -MF"Src/main.d" -MT"Src/main.o" --specs=nano.specs -mfpu=fpv4-sp-d16 -mfloat-abi=hard -mthumb -o "Src/main.o"
arm-none-eabi-gcc "../Src/syscalls.c" -mcpu=cortex-m4 -std=gnu11 -g3 -DDEBUG -DSTM32L4 -DSTM32 -DNUCLEO_L476RG -DSTM32L476RGTx -DSTM32L476xx -c -I../Inc -I"C:/Cursos/STM32_Bare_Metal_Projects/6_system_drivers-ADC-single-conversion/chip_headers/CMSIS/Include" -I"C:/Cursos/STM32_Bare_Metal_Projects/6_system_drivers-ADC-single-conversion/chip_headers/CMSIS/Device/ST/STM32L4xx/Include" -O0 -ffunction-sections -fdata-sections -Wall -fstack-usage -fcyclomatic-complexity -MMD -MP -MF"Src/syscalls.d" -MT"Src/syscalls.o" --specs=nano.specs -mfpu=fpv4-sp-d16 -mfloat-abi=hard -mthumb -o "Src/syscalls.o"
arm-none-eabi-gcc "../Src/sysmem.c" -mcpu=cortex-m4 -std=gnu11 -g3 -DDEBUG -DSTM32L4 -DSTM32 -DNUCLEO_L476RG -DSTM32L476RGTx -DSTM32L476xx -c -I../Inc -I"C:/Cursos/STM32_Bare_Metal_Projects/6_system_drivers-ADC-single-conversion/chip_headers/CMSIS/Include" -I"C:/Cursos/STM32_Bare_Metal_Projects/6_system_drivers-ADC-single-conversion/chip_headers/CMSIS/Device/ST/STM32L4xx/Include" -O0 -ffunction-sections -fdata-sections -Wall -fstack-usage -fcyclomatic-complexity -MMD -MP -MF"Src/sysmem.d" -MT"Src/sysmem.o" --specs=nano.specs -mfpu=fpv4-sp-d16 -mfloat-abi=hard -mthumb -o "Src/sysmem.o"
arm-none-eabi-gcc "../Src/timebase.c" -mcpu=cortex-m4 -std=gnu11 -g3 -DDEBUG -DSTM32L4 -DSTM32 -DNUCLEO_L476RG -DSTM32L476RGTx -DSTM32L476xx -c -I../Inc -I"C:/Cursos/STM32_Bare_Metal_Projects/6_system_drivers-ADC-single-conversion/chip_headers/CMSIS/Include" -I"C:/Cursos/STM32_Bare_Metal_Projects/6_system_drivers-ADC-single-conversion/chip_headers/CMSIS/Device/ST/STM32L4xx/Include" -O0 -ffunction-sections -fdata-sections -Wall -fstack-usage -fcyclomatic-complexity -MMD -MP -MF"Src/timebase.d" -MT"Src/timebase.o" --specs=nano.specs -mfpu=fpv4-sp-d16 -mfloat-abi=hard -mthumb -o "Src/timebase.o"
arm-none-eabi-gcc "../Src/uart.c" -mcpu=cortex-m4 -std=gnu11 -g3 -DDEBUG -DSTM32L4 -DSTM32 -DNUCLEO_L476RG -DSTM32L476RGTx -DSTM32L476xx -c -I../Inc -I"C:/Cursos/STM32_Bare_Metal_Projects/6_system_drivers-ADC-single-conversion/chip_headers/CMSIS/Include" -I"C:/Cursos/STM32_Bare_Metal_Projects/6_system_drivers-ADC-single-conversion/chip_headers/CMSIS/Device/ST/STM32L4xx/Include" -O0 -ffunction-sections -fdata-sections -Wall -fstack-usage -fcyclomatic-complexity -MMD -MP -MF"Src/uart.d" -MT"Src/uart.o" --specs=nano.specs -mfpu=fpv4-sp-d16 -mfloat-abi=hard -mthumb -o "Src/uart.o"
arm-none-eabi-gcc -o "6_system_drivers-ADC-single-conversion.elf" @"objects.list"   -mcpu=cortex-m4 -T"C:\Cursos\STM32_Bare_Metal_Projects\6_system_drivers-ADC-single-conversion\STM32L476RGTX_FLASH.ld" --specs=nosys.specs -Wl,-Map="6_system_drivers-ADC-single-conversion.map" -Wl,--gc-sections -static --specs=nano.specs -mfpu=fpv4-sp-d16 -mfloat-abi=hard -mthumb -Wl,--start-group -lc -lm -Wl,--end-group
Finished building target: 6_system_drivers-ADC-single-conversion.elf
 
arm-none-eabi-size  6_system_drivers-ADC-single-conversion.elf 
arm-none-eabi-objdump -h -S 6_system_drivers-ADC-single-conversion.elf  > "6_system_drivers-ADC-single-conversion.list"
   text	   data	    bss	    dec	    hex	filename
   5900	     92	   1916	   7908	   1ee4	6_system_drivers-ADC-single-conversion.elf
Finished building: default.size.stdout
 
Finished building: 6_system_drivers-ADC-single-conversion.list
 
20:01:27 **** Incremental Build of configuration Debug for project 6_system_drivers-ADC-single-conversion ****
make -j20 all 
arm-none-eabi-size  6_system_drivers-ADC-single-conversion.elf 
   text	   data	    bss	    dec	    hex	filename
   5900	     92	   1916	   7908	   1ee4	6_system_drivers-ADC-single-conversion.elf
Finished building: default.size.stdout
 
20:02:45 **** Incremental Build of configuration Debug for project 6_system_drivers-ADC-single-conversion ****
make -j20 all 
arm-none-eabi-size  6_system_drivers-ADC-single-conversion.elf 
   text	   data	    bss	    dec	    hex	filename
   5900	     92	   1916	   7908	   1ee4	6_system_drivers-ADC-single-conversion.elf
Finished building: default.size.stdout
 
